MPLINK 5.08, LINKER
Linker Map File - Created Tue Mar 20 12:27:29 2018

                                 Section Info
                  Section       Type    Address   Location Size(Bytes)
                ---------  ---------  ---------  ---------  ---------
                 RES_VECT       code   0x000000    program   0x000002
                   .cinit    romdata   0x000001    program   0x000004
                MAIN_PROG       code   0x000003    program   0x000060
.config_2007_BUILD/DEFAULT/PRODUCTION/LDR.O       code   0x002007    program   0x000002



                              Program Memory Usage 
                               Start         End      
                           ---------   ---------      
                            0x000000    0x000032      
                            0x002007    0x002007      
            52 out of 4230 program addresses used, program memory utilization is 1%



                              Symbols - Sorted by Name
                     Name    Address   Location    Storage File                     
                ---------  ---------  ---------  --------- ---------                
                     MAIN   0x00000b    program     static /home/econsys4/MPLABXProjects/LDR.X/ldr.asm
                    START   0x000003    program     static /home/econsys4/MPLABXProjects/LDR.X/ldr.asm
          _MAIN_PROG_000C   0x00000f    program     static /home/econsys4/MPLABXProjects/LDR.X/ldr.asm
          _MAIN_PROG_002A   0x00002d    program     static /home/econsys4/MPLABXProjects/LDR.X/ldr.asm
          _MAIN_PROG_002C   0x00002f    program     static /home/econsys4/MPLABXProjects/LDR.X/ldr.asm
          _MAIN_PROG_002E   0x000031    program     static /home/econsys4/MPLABXProjects/LDR.X/ldr.asm
                    delay   0x000026    program     static /home/econsys4/MPLABXProjects/LDR.X/ldr.asm



                              Symbols - Sorted by Address
                     Name    Address   Location    Storage File                     
                ---------  ---------  ---------  --------- ---------                
                    START   0x000003    program     static /home/econsys4/MPLABXProjects/LDR.X/ldr.asm
                     MAIN   0x00000b    program     static /home/econsys4/MPLABXProjects/LDR.X/ldr.asm
          _MAIN_PROG_000C   0x00000f    program     static /home/econsys4/MPLABXProjects/LDR.X/ldr.asm
                    delay   0x000026    program     static /home/econsys4/MPLABXProjects/LDR.X/ldr.asm
          _MAIN_PROG_002A   0x00002d    program     static /home/econsys4/MPLABXProjects/LDR.X/ldr.asm
          _MAIN_PROG_002C   0x00002f    program     static /home/econsys4/MPLABXProjects/LDR.X/ldr.asm
          _MAIN_PROG_002E   0x000031    program     static /home/econsys4/MPLABXProjects/LDR.X/ldr.asm


