MPLINK 5.08, LINKER
Linker Map File - Created Fri Mar 16 09:48:56 2018

                                 Section Info
                  Section       Type    Address   Location Size(Bytes)
                ---------  ---------  ---------  ---------  ---------
                 RES_VECT       code   0x000000    program   0x000002
                   .cinit    romdata   0x000001    program   0x000004
                MAIN_PROG       code   0x000003    program   0x000044
.config_2007_BUILD/DEFAULT/PRODUCTION/XOR_AND       code   0x002007    program   0x000002



                              Program Memory Usage 
                               Start         End      
                           ---------   ---------      
                            0x000000    0x000024      
                            0x002007    0x002007      
            38 out of 4230 program addresses used, program memory utilization is 0%



                              Symbols - Sorted by Name
                     Name    Address   Location    Storage File                     
                ---------  ---------  ---------  --------- ---------                
                 AND_LOOP   0x000018    program     static /home/econsys4/MPLABXProjects/PICProgram1.X/XOR_AND.asm
                 LED_GLOW   0x00001f    program     static /home/econsys4/MPLABXProjects/PICProgram1.X/XOR_AND.asm
                  LED_OFF   0x000022    program     static /home/econsys4/MPLABXProjects/PICProgram1.X/XOR_AND.asm
                MAIN_LOOP   0x000009    program     static /home/econsys4/MPLABXProjects/PICProgram1.X/XOR_AND.asm
                    START   0x000003    program     static /home/econsys4/MPLABXProjects/PICProgram1.X/XOR_AND.asm
                 XOR_LOOP   0x00000b    program     static /home/econsys4/MPLABXProjects/PICProgram1.X/XOR_AND.asm



                              Symbols - Sorted by Address
                     Name    Address   Location    Storage File                     
                ---------  ---------  ---------  --------- ---------                
                    START   0x000003    program     static /home/econsys4/MPLABXProjects/PICProgram1.X/XOR_AND.asm
                MAIN_LOOP   0x000009    program     static /home/econsys4/MPLABXProjects/PICProgram1.X/XOR_AND.asm
                 XOR_LOOP   0x00000b    program     static /home/econsys4/MPLABXProjects/PICProgram1.X/XOR_AND.asm
                 AND_LOOP   0x000018    program     static /home/econsys4/MPLABXProjects/PICProgram1.X/XOR_AND.asm
                 LED_GLOW   0x00001f    program     static /home/econsys4/MPLABXProjects/PICProgram1.X/XOR_AND.asm
                  LED_OFF   0x000022    program     static /home/econsys4/MPLABXProjects/PICProgram1.X/XOR_AND.asm


